[INFO][AppLauncher]: Using device: cuda:0
[INFO][AppLauncher]: Loading experience file: /workspace/isaaclab/apps/isaaclab.python.headless.rendering.kit
Loading user config located at: '/isaac-sim/kit/data/Kit/Isaac-Sim/5.1/user.config.json'
[Info] [carb] Logging to file: /isaac-sim/kit/logs/Kit/Isaac-Sim/5.1/kit_20260826_160621.log

|---------------------------------------------------------------------------------------------|
| Driver Version: 580.173.02    | Graphics API: Vulkan
|=============================================================================================|
| GPU | Name                             | Active | LDA | GPU Memory | Vendor-ID | LUID       |
|     |                                  |        |     |            | Device-ID | UUID       |
|     |                                  |        |     |            | Bus-ID    |            |
|---------------------------------------------------------------------------------------------|
| 0   | NVIDIA GeForce RTX 4080 SUPER    | Yes: 0 |     | 16376   MB | 10de      | 0          |
|     |                                  |        |     |            | 2702      | 12b8b42b.. |
|     |                                  |        |     |            | 1         |            |
|=============================================================================================|
| OS: 24.04.2 LTS (Noble Numbat) ubuntu, Version: 24.04.2, Kernel: 6.8.0-138-generic
| XServer Vendor: The X.Org Foundation, XServer Version: 12101004 (1.21.1.4)
| Processor: 13th Gen Intel(R) Core(TM) i9-13900K
| Bare Metal Cores: 24 | Bare Metal Logical Cores: 48
| Available Cores:  32 
|---------------------------------------------------------------------------------------------|
| Total Memory (MB): 64037 | Free Memory: 53644
| Total Page/Swap (MB): 0 | Free Page/Swap: 0
|---------------------------------------------------------------------------------------------|
2026-08-26T07:06:22Z [657ms] [Warning] [gpu.foundation.plugin] CPU performance profile is set to powersave. This profile sets the CPU to the lowest frequency reducing performance.
2026-08-26T07:06:22Z [666ms] [Warning] [gpu.foundation.plugin] IOMMU is enabled.
2026-08-26T07:06:23Z [1,236ms] [Warning] [omni.log] Source: omni.hydra was already registered.
2026-08-26T07:06:23Z [1,420ms] [Warning] [carb] Acquiring non optional plugin interface which is not listed as dependency: [omni::physx::IPhysxBenchmarks v1.0] (plugin: <default plugin>), by client: omni.physics.physx.plugin. Add it to CARB_PLUGIN_IMPL_DEPS() macro of a client.
2026-08-26T07:06:23Z [1,423ms] [Warning] [omni.isaac.dynamic_control] omni.isaac.dynamic_control is deprecated as of Isaac Sim 4.5. No action is needed from end-users.
2026-08-26T07:06:24Z [3,045ms] [Warning] [pxr.Semantics] pxr.Semantics is deprecated - please use Semantics instead
2026-08-26T07:06:25Z [3,113ms] [Warning] [omni.graph.core.plugin] Found duplicate of category 'Replicator' - was 'Annotators', adding 'Fabric Reader'
2026-08-26T07:06:25Z [3,113ms] [Warning] [omni.graph.core.plugin] Category 'Replicator' not accepted on node type 'omni.replicator.core.FabricReader' in extension 'omni.replicator.core'
2026-08-26T07:06:25Z [3,114ms] [Warning] [omni.replicator.core.scripts.extension] No material configuration file, adding configuration to material settings directly.
2026-08-26T07:06:27Z [5,435ms] [Warning] [omni.fabric.plugin] Warning: attribute viewportHandle not found for bucket id 7

2026-08-26T07:06:27Z [5,845ms] [Warning] [isaaclab.envs.direct_rl_env] Seed not set for the environment. The environment creation may not be deterministic.

[36m======================================================================================[0m
[36m[1m[INFO][IsaacLab]: Logging to file: /tmp/isaaclab/logs/isaaclab_2026-08-26_16-06-27.log[0m
[36m======================================================================================[0m

[33m16:06:27 [simulation_context.py] WARNING: The `enable_external_forces_every_iteration` parameter in the PhysxCfg is set to False. If you are experiencing noisy velocities, consider enabling this flag. You may need to slightly increase the number of velocity iterations (setting it to 1 or 2 rather than 0), together with this flag, to improve the accuracy of velocity updates.[0m
[INFO]: Base environment:
	Environment device    : cuda:0
	Environment seed      : None
	Physics step-size     : 0.01
	Rendering step-size   : 5.0
	Environment step-size : 5.0
2026-08-26T07:06:28Z [6,600ms] [Warning] [omni.usd] Warning: in _ReportErrors at line 3172 of /builds/omniverse/usd-ci/USD/pxr/usd/usd/stage.cpp -- In </World/envs/env_0/Robot/BROV2_Heavy_mesh.material:binding>: The relationship target </_materials/brov_body> from </BROV2_Heavy/BROV2_Heavy_mesh.material:binding> in layer @/workspace/OceanRL_test/robots/data/BROV2/brov2_custom_physics.usda@ refers to a path outside the scope of the reference from </World/envs/env_0/Robot>.  Ignoring. (getting targets for relationship </World/envs/env_0/Robot/BROV2_Heavy_mesh.material:binding> on stage @anon:0x1680dd50:World0.usd@ <0x145ea370>)

2026-08-26T07:06:28Z [6,600ms] [Warning] [omni.usd] Warning (secondary thread): in _ReportErrors at line 3172 of /builds/omniverse/usd-ci/USD/pxr/usd/usd/stage.cpp -- In </World/envs/env_8/Robot/BROV2_Heavy_mesh.material:binding>: The relationship target </_materials/brov_body> from </BROV2_Heavy/BROV2_Heavy_mesh.material:binding> in layer @/workspace/OceanRL_test/robots/data/BROV2/brov2_custom_physics.usda@ refers to a path outside the scope of the reference from </World/envs/env_0/Robot>.  Ignoring. (getting targets for relationship </World/envs/env_8/Robot/BROV2_Heavy_mesh.material:binding> on stage @anon:0x1680dd50:World0.usd@ <0x145ea370>)

2026-08-26T07:06:28Z [6,600ms] [Warning] [omni.usd] Warning (secondary thread): in _ReportErrors at line 3172 of /builds/omniverse/usd-ci/USD/pxr/usd/usd/stage.cpp -- In </World/envs/env_2/Robot/BROV2_Heavy_mesh.material:binding>: The relationship target </_materials/brov_body> from </BROV2_Heavy/BROV2_Heavy_mesh.material:binding> in layer @/workspace/OceanRL_test/robots/data/BROV2/brov2_custom_physics.usda@ refers to a path outside the scope of the reference from </World/envs/env_0/Robot>.  Ignoring. (getting targets for relationship </World/envs/env_2/Robot/BROV2_Heavy_mesh.material:binding> on stage @anon:0x1680dd50:World0.usd@ <0x145ea370>)

2026-08-26T07:06:28Z [6,600ms] [Warning] [omni.usd] Warning (secondary thread): in _ReportErrors at line 3172 of /builds/omniverse/usd-ci/USD/pxr/usd/usd/stage.cpp -- In </World/envs/env_3/Robot/BROV2_Heavy_mesh.material:binding>: The relationship target </_materials/brov_body> from </BROV2_Heavy/BROV2_Heavy_mesh.material:binding> in layer @/workspace/OceanRL_test/robots/data/BROV2/brov2_custom_physics.usda@ refers to a path outside the scope of the reference from </World/envs/env_0/Robot>.  Ignoring. (getting targets for relationship </World/envs/env_3/Robot/BROV2_Heavy_mesh.material:binding> on stage @anon:0x1680dd50:World0.usd@ <0x145ea370>)

2026-08-26T07:06:28Z [6,601ms] [Warning] [omni.usd] Warning: in _ReportErrors at line 3172 of /builds/omniverse/usd-ci/USD/pxr/usd/usd/stage.cpp -- In </World/envs/env_1/Robot/BROV2_Heavy_mesh.material:binding>: The relationship target </_materials/brov_body> from </BROV2_Heavy/BROV2_Heavy_mesh.material:binding> in layer @/workspace/OceanRL_test/robots/data/BROV2/brov2_custom_physics.usda@ refers to a path outside the scope of the reference from </World/envs/env_0/Robot>.  Ignoring. (getting targets for relationship </World/envs/env_1/Robot/BROV2_Heavy_mesh.material:binding> on stage @anon:0x1680dd50:World0.usd@ <0x145ea370>)

2026-08-26T07:06:28Z [6,602ms] [Warning] [omni.usd] Warning: in _ReportErrors at line 3172 of /builds/omniverse/usd-ci/USD/pxr/usd/usd/stage.cpp -- In </World/envs/env_12/Robot/BROV2_Heavy_mesh.material:binding>: The relationship target </_materials/brov_body> from </BROV2_Heavy/BROV2_Heavy_mesh.material:binding> in layer @/workspace/OceanRL_test/robots/data/BROV2/brov2_custom_physics.usda@ refers to a path outside the scope of the reference from </World/envs/env_0/Robot>.  Ignoring. (getting targets for relationship </World/envs/env_12/Robot/BROV2_Heavy_mesh.material:binding> on stage @anon:0x1680dd50:World0.usd@ <0x145ea370>)

2026-08-26T07:06:28Z [6,602ms] [Warning] [omni.usd] Warning (secondary thread): in _ReportErrors at line 3172 of /builds/omniverse/usd-ci/USD/pxr/usd/usd/stage.cpp -- In </World/envs/env_6/Robot/BROV2_Heavy_mesh.material:binding>: The relationship target </_materials/brov_body> from </BROV2_Heavy/BROV2_Heavy_mesh.material:binding> in layer @/workspace/OceanRL_test/robots/data/BROV2/brov2_custom_physics.usda@ refers to a path outside the scope of the reference from </World/envs/env_0/Robot>.  Ignoring. (getting targets for relationship </World/envs/env_6/Robot/BROV2_Heavy_mesh.material:binding> on stage @anon:0x1680dd50:World0.usd@ <0x145ea370>)

2026-08-26T07:06:28Z [6,608ms] [Warning] [omni.usd] Warning (secondary thread): in _ReportErrors at line 3172 of /builds/omniverse/usd-ci/USD/pxr/usd/usd/stage.cpp -- In </World/envs/env_4/Robot/BROV2_Heavy_mesh.material:binding>: The relationship target </_materials/brov_body> from </BROV2_Heavy/BROV2_Heavy_mesh.material:binding> in layer @/workspace/OceanRL_test/robots/data/BROV2/brov2_custom_physics.usda@ refers to a path outside the scope of the reference from </World/envs/env_0/Robot>.  Ignoring. (getting targets for relationship </World/envs/env_4/Robot/BROV2_Heavy_mesh.material:binding> on stage @anon:0x1680dd50:World0.usd@ <0x145ea370>)

2026-08-26T07:06:28Z [6,609ms] [Warning] [omni.usd] Warning (secondary thread): in _ReportErrors at line 3172 of /builds/omniverse/usd-ci/USD/pxr/usd/usd/stage.cpp -- In </World/envs/env_7/Robot/BROV2_Heavy_mesh.material:binding>: The relationship target </_materials/brov_body> from </BROV2_Heavy/BROV2_Heavy_mesh.material:binding> in layer @/workspace/OceanRL_test/robots/data/BROV2/brov2_custom_physics.usda@ refers to a path outside the scope of the reference from </World/envs/env_0/Robot>.  Ignoring. (getting targets for relationship </World/envs/env_7/Robot/BROV2_Heavy_mesh.material:binding> on stage @anon:0x1680dd50:World0.usd@ <0x145ea370>)

2026-08-26T07:06:28Z [6,609ms] [Warning] [omni.usd] Warning (secondary thread): in _ReportErrors at line 3172 of /builds/omniverse/usd-ci/USD/pxr/usd/usd/stage.cpp -- In </World/envs/env_10/Robot/BROV2_Heavy_mesh.material:binding>: The relationship target </_materials/brov_body> from </BROV2_Heavy/BROV2_Heavy_mesh.material:binding> in layer @/workspace/OceanRL_test/robots/data/BROV2/brov2_custom_physics.usda@ refers to a path outside the scope of the reference from </World/envs/env_0/Robot>.  Ignoring. (getting targets for relationship </World/envs/env_10/Robot/BROV2_Heavy_mesh.material:binding> on stage @anon:0x1680dd50:World0.usd@ <0x145ea370>)

2026-08-26T07:06:28Z [6,609ms] [Warning] [omni.usd] Warning (secondary thread): in _ReportErrors at line 3172 of /builds/omniverse/usd-ci/USD/pxr/usd/usd/stage.cpp -- In </World/envs/env_15/Robot/BROV2_Heavy_mesh.material:binding>: The relationship target </_materials/brov_body> from </BROV2_Heavy/BROV2_Heavy_mesh.material:binding> in layer @/workspace/OceanRL_test/robots/data/BROV2/brov2_custom_physics.usda@ refers to a path outside the scope of the reference from </World/envs/env_0/Robot>.  Ignoring. (getting targets for relationship </World/envs/env_15/Robot/BROV2_Heavy_mesh.material:binding> on stage @anon:0x1680dd50:World0.usd@ <0x145ea370>)

2026-08-26T07:06:28Z [6,609ms] [Warning] [omni.usd] Warning (secondary thread): in _ReportErrors at line 3172 of /builds/omniverse/usd-ci/USD/pxr/usd/usd/stage.cpp -- In </World/envs/env_5/Robot/BROV2_Heavy_mesh.material:binding>: The relationship target </_materials/brov_body> from </BROV2_Heavy/BROV2_Heavy_mesh.material:binding> in layer @/workspace/OceanRL_test/robots/data/BROV2/brov2_custom_physics.usda@ refers to a path outside the scope of the reference from </World/envs/env_0/Robot>.  Ignoring. (getting targets for relationship </World/envs/env_5/Robot/BROV2_Heavy_mesh.material:binding> on stage @anon:0x1680dd50:World0.usd@ <0x145ea370>)

2026-08-26T07:06:28Z [6,609ms] [Warning] [omni.usd] Warning (secondary thread): in _ReportErrors at line 3172 of /builds/omniverse/usd-ci/USD/pxr/usd/usd/stage.cpp -- In </World/envs/env_11/Robot/BROV2_Heavy_mesh.material:binding>: The relationship target </_materials/brov_body> from </BROV2_Heavy/BROV2_Heavy_mesh.material:binding> in layer @/workspace/OceanRL_test/robots/data/BROV2/brov2_custom_physics.usda@ refers to a path outside the scope of the reference from </World/envs/env_0/Robot>.  Ignoring. (getting targets for relationship </World/envs/env_11/Robot/BROV2_Heavy_mesh.material:binding> on stage @anon:0x1680dd50:World0.usd@ <0x145ea370>)

2026-08-26T07:06:28Z [6,610ms] [Warning] [omni.usd] Warning: in _ReportErrors at line 3172 of /builds/omniverse/usd-ci/USD/pxr/usd/usd/stage.cpp -- In </World/envs/env_13/Robot/BROV2_Heavy_mesh.material:binding>: The relationship target </_materials/brov_body> from </BROV2_Heavy/BROV2_Heavy_mesh.material:binding> in layer @/workspace/OceanRL_test/robots/data/BROV2/brov2_custom_physics.usda@ refers to a path outside the scope of the reference from </World/envs/env_0/Robot>.  Ignoring. (getting targets for relationship </World/envs/env_13/Robot/BROV2_Heavy_mesh.material:binding> on stage @anon:0x1680dd50:World0.usd@ <0x145ea370>)

2026-08-26T07:06:28Z [6,610ms] [Warning] [omni.usd] Warning (secondary thread): in _ReportErrors at line 3172 of /builds/omniverse/usd-ci/USD/pxr/usd/usd/stage.cpp -- In </World/envs/env_9/Robot/BROV2_Heavy_mesh.material:binding>: The relationship target </_materials/brov_body> from </BROV2_Heavy/BROV2_Heavy_mesh.material:binding> in layer @/workspace/OceanRL_test/robots/data/BROV2/brov2_custom_physics.usda@ refers to a path outside the scope of the reference from </World/envs/env_0/Robot>.  Ignoring. (getting targets for relationship </World/envs/env_9/Robot/BROV2_Heavy_mesh.material:binding> on stage @anon:0x1680dd50:World0.usd@ <0x145ea370>)

2026-08-26T07:06:28Z [6,610ms] [Warning] [omni.usd] Warning (secondary thread): in _ReportErrors at line 3172 of /builds/omniverse/usd-ci/USD/pxr/usd/usd/stage.cpp -- In </World/envs/env_14/Robot/BROV2_Heavy_mesh.material:binding>: The relationship target </_materials/brov_body> from </BROV2_Heavy/BROV2_Heavy_mesh.material:binding> in layer @/workspace/OceanRL_test/robots/data/BROV2/brov2_custom_physics.usda@ refers to a path outside the scope of the reference from </World/envs/env_0/Robot>.  Ignoring. (getting targets for relationship </World/envs/env_14/Robot/BROV2_Heavy_mesh.material:binding> on stage @anon:0x1680dd50:World0.usd@ <0x145ea370>)

2026-08-26T07:06:28Z [6,815ms] [Warning] [isaacsim.core.utils.semantics] Function 'add_update_semantics' uses the deprecated SemanticsAPI. Consider upgrading the semantics with `upgrade_prim_semantics_to_labels(prim)` first and then using `add_labels` instead.
2026-08-26T07:06:28Z [6,817ms] [Warning] [isaacsim.core.utils.semantics] Function 'add_update_semantics' uses the deprecated SemanticsAPI. Consider upgrading the semantics with `upgrade_prim_semantics_to_labels(prim)` first and then using `add_labels` instead.
2026-08-26T07:06:28Z [6,817ms] [Warning] [isaacsim.core.utils.semantics] Function 'add_update_semantics' uses the deprecated SemanticsAPI. Consider upgrading the semantics with `upgrade_prim_semantics_to_labels(prim)` first and then using `add_labels` instead.
2026-08-26T07:06:28Z [6,817ms] [Warning] [isaacsim.core.utils.semantics] Function 'add_update_semantics' uses the deprecated SemanticsAPI. Consider upgrading the semantics with `upgrade_prim_semantics_to_labels(prim)` first and then using `add_labels` instead.
2026-08-26T07:06:28Z [6,818ms] [Warning] [isaacsim.core.utils.semantics] Function 'add_update_semantics' uses the deprecated SemanticsAPI. Consider upgrading the semantics with `upgrade_prim_semantics_to_labels(prim)` first and then using `add_labels` instead.
2026-08-26T07:06:28Z [6,818ms] [Warning] [isaacsim.core.utils.semantics] Function 'add_update_semantics' uses the deprecated SemanticsAPI. Consider upgrading the semantics with `upgrade_prim_semantics_to_labels(prim)` first and then using `add_labels` instead.
2026-08-26T07:06:28Z [6,818ms] [Warning] [isaacsim.core.utils.semantics] Function 'add_update_semantics' uses the deprecated SemanticsAPI. Consider upgrading the semantics with `upgrade_prim_semantics_to_labels(prim)` first and then using `add_labels` instead.
2026-08-26T07:06:28Z [6,819ms] [Warning] [isaacsim.core.utils.semantics] Function 'add_update_semantics' uses the deprecated SemanticsAPI. Consider upgrading the semantics with `upgrade_prim_semantics_to_labels(prim)` first and then using `add_labels` instead.
2026-08-26T07:06:28Z [6,819ms] [Warning] [isaacsim.core.utils.semantics] Function 'add_update_semantics' uses the deprecated SemanticsAPI. Consider upgrading the semantics with `upgrade_prim_semantics_to_labels(prim)` first and then using `add_labels` instead.
2026-08-26T07:06:28Z [6,819ms] [Warning] [isaacsim.core.utils.semantics] Function 'add_update_semantics' uses the deprecated SemanticsAPI. Consider upgrading the semantics with `upgrade_prim_semantics_to_labels(prim)` first and then using `add_labels` instead.
2026-08-26T07:06:28Z [6,820ms] [Warning] [isaacsim.core.utils.semantics] Function 'add_update_semantics' uses the deprecated SemanticsAPI. Consider upgrading the semantics with `upgrade_prim_semantics_to_labels(prim)` first and then using `add_labels` instead.
2026-08-26T07:06:28Z [6,820ms] [Warning] [isaacsim.core.utils.semantics] Function 'add_update_semantics' uses the deprecated SemanticsAPI. Consider upgrading the semantics with `upgrade_prim_semantics_to_labels(prim)` first and then using `add_labels` instead.
2026-08-26T07:06:28Z [6,820ms] [Warning] [isaacsim.core.utils.semantics] Function 'add_update_semantics' uses the deprecated SemanticsAPI. Consider upgrading the semantics with `upgrade_prim_semantics_to_labels(prim)` first and then using `add_labels` instead.
2026-08-26T07:06:28Z [6,820ms] [Warning] [isaacsim.core.utils.semantics] Function 'add_update_semantics' uses the deprecated SemanticsAPI. Consider upgrading the semantics with `upgrade_prim_semantics_to_labels(prim)` first and then using `add_labels` instead.
2026-08-26T07:06:28Z [6,821ms] [Warning] [isaacsim.core.utils.semantics] Function 'add_update_semantics' uses the deprecated SemanticsAPI. Consider upgrading the semantics with `upgrade_prim_semantics_to_labels(prim)` first and then using `add_labels` instead.
2026-08-26T07:06:28Z [6,821ms] [Warning] [isaacsim.core.utils.semantics] Function 'add_update_semantics' uses the deprecated SemanticsAPI. Consider upgrading the semantics with `upgrade_prim_semantics_to_labels(prim)` first and then using `add_labels` instead.
[INFO]: Time taken for scene creation : 0.941523 seconds
[INFO]: Scene manager:  <class InteractiveScene>
	Number of environments: 16
	Environment spacing   : 10.0
	Source prim name      : /World/envs/env_0
	Global prim paths     : []
	Replicate physics     : True
[INFO]: Starting the simulation. This may take a few seconds. Please wait...
2026-08-26T07:06:29Z [7,139ms] [Warning] [carb] Client omni.hydratexture.plugin has acquired [carb::settings::ISettings v1.0] 100 times. Consider accessing this interface with carb::getCachedInterface() (Performance warning)
2026-08-26T07:06:29Z [7,158ms] [Warning] [carb] Client omni.hydratexture.plugin has acquired [carb::dictionary::IDictionary v1.1] 100 times. Consider accessing this interface with carb::getCachedInterface() (Performance warning)
2026-08-26T07:06:30Z [8,299ms] [Warning] [rtx.postprocessing.plugin] DLSS increasing input dimensions: Render resolution of (186, 139) is below minimal input resolution of 300.
[INFO]: Time taken for simulation start : 2.355404 seconds
[INFO]: Completed setting up the environment...
[train] curriculum_total_steps = 15000 (자동 설정)
[train] envs=16 rollout=32 → 롤아웃당 512 env-step, 총 29 롤아웃
2026-08-26T07:07:25Z [64,071ms] [Warning] [carb] Client gpu.foundation.plugin has acquired [gpu::unstable::IMemoryBudgetManagerFactory v0.1] 100 times. Consider accessing this interface with carb::getCachedInterface() (Performance warning)
